// Jest Snapshot v1, https://goo.gl/fbAQLP

exports[`should render without crashing 1`] = `
<div>
  <Card
    email="yourMom@gmail.com"
    id={1}
    key="0"
    name="Mom"
  />
</div>
`;
