// Jest Snapshot v1, https://goo.gl/fbAQLP

exports[`should render without crashing 1`] = `
<div>
  <button
    id="counter"
    onClick={[Function]}
  >
    Count: 
    0
     
  </button>
</div>
`;
